[INFO][m Initializing environment for https://github.com/astral-sh/ruff-pre-commit.
[INFO][m Initializing environment for https://github.com/psf/black.
[INFO][m Initializing environment for https://github.com/pre-commit/mirrors-mypy.
[INFO][m Initializing environment for https://github.com/pre-commit/mirrors-mypy:types-requests,types-PyYAML.
[INFO][m Initializing environment for https://github.com/PyCQA/bandit.
[INFO][m Installing environment for https://github.com/astral-sh/ruff-pre-commit.
[INFO][m Once installed this environment will be reused.
[INFO][m This may take a few minutes...
[INFO][m Installing environment for https://github.com/psf/black.
[INFO][m Once installed this environment will be reused.
[INFO][m This may take a few minutes...
[INFO][m Installing environment for https://github.com/pre-commit/mirrors-mypy.
[INFO][m Once installed this environment will be reused.
[INFO][m This may take a few minutes...
[INFO][m Installing environment for https://github.com/PyCQA/bandit.
[INFO][m Once installed this environment will be reused.
[INFO][m This may take a few minutes...
ruff.....................................................................[41mFailed[m
[2m- hook id: ruff[m
[2m- exit code: 1[m

[1mscripts/add_to_project.py[0m[36m:[0m156[36m:[0m9[36m:[0m [1;31mF841[0m Local variable `pattern` is assigned to but never used
[1;38;5;12m    |[0m
[1;38;5;12m154 |[0m             continue
[1;38;5;12m155 |[0m         slice_id = clean.zfill(2)
[1;38;5;12m156 |[0m         pattern = f"slice_{slice_id}_*.yml"
[1;38;5;12m    |[0m[1;38;5;9m         ^^^^^^^[0m [1;38;5;9mF841[0m
[1;38;5;12m157 |[0m         matches = [path for path in all_paths if path.name.startswith(f"slice_{slice_id}_")]
[1;38;5;12m158 |[0m         if matches:
[1;38;5;12m    |[0m
    [1;38;5;12m=[0m [1;38;5;14mhelp[0m: Remove assignment to unused variable `pattern`

[1mtests/test_config_loader.py[0m[36m:[0m15[36m:[0m1[36m:[0m [1;31mE402[0m Module level import not at top of file
[1;38;5;12m   |[0m
[1;38;5;12m13 |[0m     sys.path.append(str(PROJECT_ROOT))
[1;38;5;12m14 |[0m 
[1;38;5;12m15 |[0m from modules.config.loader import ConfigLoader, ConfigValidationError, load_config
[1;38;5;12m   |[0m[1;38;5;9m ^^^^^^^^^^^^^^^^^^^^^^^^^^^^^^^^^^^^^^^^^^^^^^^^^^^^^^^^^^^^^^^^^^^^^^^^^^^^^^^^^^[0m [1;38;5;9mE402[0m
[1;38;5;12m   |[0m

[1mtests/test_logging_factory.py[0m[36m:[0m13[36m:[0m1[36m:[0m [1;31mE402[0m Module level import not at top of file
[1;38;5;12m   |[0m
[1;38;5;12m11 |[0m     sys.path.append(str(PROJECT_ROOT))
[1;38;5;12m12 |[0m 
[1;38;5;12m13 |[0m from modules.logging import LoggerFactory, get_logger
[1;38;5;12m   |[0m[1;38;5;9m ^^^^^^^^^^^^^^^^^^^^^^^^^^^^^^^^^^^^^^^^^^^^^^^^^^^^^[0m [1;38;5;9mE402[0m
[1;38;5;12m   |[0m

[1mtests/test_orchestrator_cli.py[0m[36m:[0m12[36m:[0m1[36m:[0m [1;31mE402[0m Module level import not at top of file
[1;38;5;12m   |[0m
[1;38;5;12m10 |[0m     sys.path.append(str(PROJECT_ROOT))
[1;38;5;12m11 |[0m 
[1;38;5;12m12 |[0m import pytest
[1;38;5;12m   |[0m[1;38;5;9m ^^^^^^^^^^^^^[0m [1;38;5;9mE402[0m
[1;38;5;12m13 |[0m 
[1;38;5;12m14 |[0m from modules.orchestrator.cli import Orchestrator
[1;38;5;12m   |[0m

[1mtests/test_orchestrator_cli.py[0m[36m:[0m14[36m:[0m1[36m:[0m [1;31mE402[0m Module level import not at top of file
[1;38;5;12m   |[0m
[1;38;5;12m12 |[0m import pytest
[1;38;5;12m13 |[0m 
[1;38;5;12m14 |[0m from modules.orchestrator.cli import Orchestrator
[1;38;5;12m   |[0m[1;38;5;9m ^^^^^^^^^^^^^^^^^^^^^^^^^^^^^^^^^^^^^^^^^^^^^^^^^[0m [1;38;5;9mE402[0m
[1;38;5;12m15 |[0m from modules.orchestrator.versioning import VersionManager
[1;38;5;12m16 |[0m from modules.utils import helpers
[1;38;5;12m   |[0m

[1mtests/test_orchestrator_cli.py[0m[36m:[0m15[36m:[0m1[36m:[0m [1;31mE402[0m Module level import not at top of file
[1;38;5;12m   |[0m
[1;38;5;12m14 |[0m from modules.orchestrator.cli import Orchestrator
[1;38;5;12m15 |[0m from modules.orchestrator.versioning import VersionManager
[1;38;5;12m   |[0m[1;38;5;9m ^^^^^^^^^^^^^^^^^^^^^^^^^^^^^^^^^^^^^^^^^^^^^^^^^^^^^^^^^^[0m [1;38;5;9mE402[0m
[1;38;5;12m16 |[0m from modules.utils import helpers
[1;38;5;12m   |[0m

[1mtests/test_orchestrator_cli.py[0m[36m:[0m16[36m:[0m1[36m:[0m [1;31mE402[0m Module level import not at top of file
[1;38;5;12m   |[0m
[1;38;5;12m14 |[0m from modules.orchestrator.cli import Orchestrator
[1;38;5;12m15 |[0m from modules.orchestrator.versioning import VersionManager
[1;38;5;12m16 |[0m from modules.utils import helpers
[1;38;5;12m   |[0m[1;38;5;9m ^^^^^^^^^^^^^^^^^^^^^^^^^^^^^^^^^[0m [1;38;5;9mE402[0m
[1;38;5;12m   |[0m

[1mtests/test_readiness_reporter.py[0m[36m:[0m13[36m:[0m1[36m:[0m [1;31mE402[0m Module level import not at top of file
[1;38;5;12m   |[0m
[1;38;5;12m11 |[0m     sys.path.insert(0, str(PROJECT_ROOT))
[1;38;5;12m12 |[0m 
[1;38;5;12m13 |[0m from modules.readiness import reporter
[1;38;5;12m   |[0m[1;38;5;9m ^^^^^^^^^^^^^^^^^^^^^^^^^^^^^^^^^^^^^^[0m [1;38;5;9mE402[0m
[1;38;5;12m   |[0m

Found 8 errors.
No fixes available (1 hidden fix can be enabled with the `--unsafe-fixes` option).

black....................................................................[41mFailed[m
[2m- hook id: black[m
[2m- files were modified by this hook[m

[1mreformatted main.py[0m
[1mreformatted modules/compare.py[0m
[1mreformatted modules/config/loader.py[0m
[1mreformatted modules/logging/factory.py[0m
[1mreformatted modules/orchestrator/versioning.py[0m
[1mreformatted modules/snapshot.py[0m
[1mreformatted modules/orchestrator/cli.py[0m
[1mreformatted modules/summarize.py[0m
[1mreformatted modules/utils/helpers.py[0m
[1mreformatted modules/readiness/reporter.py[0m
[1mreformatted modules/snapshot_delta/analyzer.py[0m
[1mreformatted scripts/run_tests.py[0m
[1mreformatted src/validation.py[0m
[1mreformatted scripts/add_to_project.py[0m
[1mreformatted modules/utils/oauth.py[0m
[1mreformatted tests/test_http_retry.py[0m
[1mreformatted tests/test_config_loader.py[0m
[1mreformatted tests/test_oauth_utils.py[0m
[1mreformatted tests/test_run_tests_script.py[0m
[1mreformatted tests/test_orchestrator_cli.py[0m
[1mreformatted tests/test_readiness_reporter.py[0m
[1mreformatted tests/test_snapshot_delta_analyzer.py[0m
[1mreformatted tests/test_snapshot_module.py[0m

[1mAll done! ✨ 🍰 ✨[0m
[34m[1m23 files [0m[1mreformatted[0m, [34m12 files [0mleft unchanged.

mypy.....................................................................[41mFailed[m
[2m- hook id: mypy[m
[2m- exit code: 2[m

scripts/run_tests.py: [1m[31merror:(B[m Source file found twice under different module names: (B[m[1m"run_tests"(B[m and (B[m[1m"scripts.run_tests"(B[m(B[m[33m(B[m
scripts/run_tests.py: [34mnote:(B[m See [4mhttps://mypy.readthedocs.io/en/stable/running_mypy.html#mapping-file-paths-to-modules(B[m for more info(B[m
scripts/run_tests.py: [34mnote:(B[m Common resolutions include: a) adding `__init__.py` somewhere, b) using `--explicit-package-bases` or adjusting MYPYPATH(B[m
[1m[31mFound 1 error in 1 file (errors prevented further checking)(B[m

bandit...................................................................[41mFailed[m
[2m- hook id: bandit[m
[2m- exit code: 2[m

usage: bandit [-h] [-r] [-a {file,vuln}] [-n CONTEXT_LINES] [-c CONFIG_FILE] [-p PROFILE] [-t TESTS] [-s SKIPS]
              [-l | --severity-level {all,low,medium,high}] [-i | --confidence-level {all,low,medium,high}]
              [-f {csv,custom,html,json,screen,txt,xml,yaml}] [--msg-template MSG_TEMPLATE] [-o [OUTPUT_FILE]] [-v] [-d] [-q]
              [--ignore-nosec] [-x EXCLUDED_PATHS] [-b BASELINE] [--ini INI_PATH] [--exit-zero] [--version]
              [targets ...]
bandit: error: unrecognized arguments: main.py modules/__init__.py modules/compare.py modules/config/__init__.py modules/config/loader.py modules/logging/__init__.py modules/logging/factory.py modules/orchestrator/__init__.py modules/orchestrator/cli.py modules/orchestrator/versioning.py modules/readiness/__init__.py modules/readiness/reporter.py modules/snapshot.py modules/snapshot_delta/__init__.py modules/snapshot_delta/analyzer.py modules/summarize.py modules/utils/__init__.py modules/utils/helpers.py modules/utils/http_retry.py modules/utils/logger.py modules/utils/oauth.py scripts/add_to_project.py scripts/run_tests.py scripts/validate_scaffold.py src/__init__.py src/validation.py tests/test_config_loader.py tests/test_http_retry.py tests/test_logging_factory.py tests/test_oauth_utils.py tests/test_orchestrator_cli.py tests/test_readiness_reporter.py tests/test_run_tests_script.py tests/test_snapshot_delta_analyzer.py tests/test_snapshot_module.py

pytest...................................................................[42mPassed[m
