[setup] Using repository root: /workspace/release-intelligence
[setup] Artifact root: reports/slice_09
WARNING: Running pip as the 'root' user can result in broken permissions and conflicting behaviour with the system package manager, possibly rendering your system unusable. It is recommended to use a virtual environment instead: https://pip.pypa.io/warnings/venv. Use the --root-user-action option if you know what you are doing and want to suppress this warning.
Requirement already satisfied: pre-commit in /root/.pyenv/versions/3.12.10/lib/python3.12/site-packages (4.3.0)
Requirement already satisfied: ruff in /root/.pyenv/versions/3.12.10/lib/python3.12/site-packages (0.14.3)
Requirement already satisfied: black in /root/.pyenv/versions/3.12.10/lib/python3.12/site-packages (25.9.0)
Requirement already satisfied: mypy in /root/.pyenv/versions/3.12.10/lib/python3.12/site-packages (1.18.2)
Requirement already satisfied: bandit in /root/.pyenv/versions/3.12.10/lib/python3.12/site-packages (1.8.6)
Requirement already satisfied: pytest in /root/.pyenv/versions/3.12.10/lib/python3.12/site-packages (8.4.2)
Requirement already satisfied: requests>=2.31.0 in /root/.pyenv/versions/3.12.10/lib/python3.12/site-packages (from -r /workspace/release-intelligence/requirements.txt (line 1)) (2.32.5)
Requirement already satisfied: requests-oauthlib>=1.3.1 in /root/.pyenv/versions/3.12.10/lib/python3.12/site-packages (from -r /workspace/release-intelligence/requirements.txt (line 2)) (2.0.0)
Requirement already satisfied: deepdiff>=6.7.1 in /root/.pyenv/versions/3.12.10/lib/python3.12/site-packages (from -r /workspace/release-intelligence/requirements.txt (line 3)) (8.6.1)
Requirement already satisfied: PyYAML>=6.0.1 in /root/.pyenv/versions/3.12.10/lib/python3.12/site-packages (from -r /workspace/release-intelligence/requirements.txt (line 4)) (6.0.3)
Requirement already satisfied: Jinja2>=3.1.2 in /root/.pyenv/versions/3.12.10/lib/python3.12/site-packages (from -r /workspace/release-intelligence/requirements.txt (line 5)) (3.1.6)
Requirement already satisfied: python-dotenv>=1.0.0 in /root/.pyenv/versions/3.12.10/lib/python3.12/site-packages (from -r /workspace/release-intelligence/requirements.txt (line 6)) (1.2.1)
Requirement already satisfied: pytest-cov>=4.1.0 in /root/.pyenv/versions/3.12.10/lib/python3.12/site-packages (from -r /workspace/release-intelligence/requirements.txt (line 8)) (7.0.0)
Requirement already satisfied: cfgv>=2.0.0 in /root/.pyenv/versions/3.12.10/lib/python3.12/site-packages (from pre-commit) (3.4.0)
Requirement already satisfied: identify>=1.0.0 in /root/.pyenv/versions/3.12.10/lib/python3.12/site-packages (from pre-commit) (2.6.15)
Requirement already satisfied: nodeenv>=0.11.1 in /root/.pyenv/versions/3.12.10/lib/python3.12/site-packages (from pre-commit) (1.9.1)
Requirement already satisfied: virtualenv>=20.10.0 in /root/.pyenv/versions/3.12.10/lib/python3.12/site-packages (from pre-commit) (20.35.4)
Requirement already satisfied: click>=8.0.0 in /root/.pyenv/versions/3.12.10/lib/python3.12/site-packages (from black) (8.2.1)
Requirement already satisfied: mypy-extensions>=0.4.3 in /root/.pyenv/versions/3.12.10/lib/python3.12/site-packages (from black) (1.1.0)
Requirement already satisfied: packaging>=22.0 in /root/.pyenv/versions/3.12.10/lib/python3.12/site-packages (from black) (25.0)
Requirement already satisfied: pathspec>=0.9.0 in /root/.pyenv/versions/3.12.10/lib/python3.12/site-packages (from black) (0.12.1)
Requirement already satisfied: platformdirs>=2 in /root/.pyenv/versions/3.12.10/lib/python3.12/site-packages (from black) (4.4.0)
Requirement already satisfied: pytokens>=0.1.10 in /root/.pyenv/versions/3.12.10/lib/python3.12/site-packages (from black) (0.3.0)
Requirement already satisfied: typing_extensions>=4.6.0 in /root/.pyenv/versions/3.12.10/lib/python3.12/site-packages (from mypy) (4.15.0)
Requirement already satisfied: stevedore>=1.20.0 in /root/.pyenv/versions/3.12.10/lib/python3.12/site-packages (from bandit) (5.5.0)
Requirement already satisfied: rich in /root/.pyenv/versions/3.12.10/lib/python3.12/site-packages (from bandit) (14.2.0)
Requirement already satisfied: iniconfig>=1 in /root/.pyenv/versions/3.12.10/lib/python3.12/site-packages (from pytest) (2.1.0)
Requirement already satisfied: pluggy<2,>=1.5 in /root/.pyenv/versions/3.12.10/lib/python3.12/site-packages (from pytest) (1.6.0)
Requirement already satisfied: pygments>=2.7.2 in /root/.pyenv/versions/3.12.10/lib/python3.12/site-packages (from pytest) (2.19.2)
Requirement already satisfied: charset_normalizer<4,>=2 in /root/.pyenv/versions/3.12.10/lib/python3.12/site-packages (from requests>=2.31.0->-r /workspace/release-intelligence/requirements.txt (line 1)) (3.4.4)
Requirement already satisfied: idna<4,>=2.5 in /root/.pyenv/versions/3.12.10/lib/python3.12/site-packages (from requests>=2.31.0->-r /workspace/release-intelligence/requirements.txt (line 1)) (3.11)
Requirement already satisfied: urllib3<3,>=1.21.1 in /root/.pyenv/versions/3.12.10/lib/python3.12/site-packages (from requests>=2.31.0->-r /workspace/release-intelligence/requirements.txt (line 1)) (2.5.0)
Requirement already satisfied: certifi>=2017.4.17 in /root/.pyenv/versions/3.12.10/lib/python3.12/site-packages (from requests>=2.31.0->-r /workspace/release-intelligence/requirements.txt (line 1)) (2025.10.5)
Requirement already satisfied: oauthlib>=3.0.0 in /root/.pyenv/versions/3.12.10/lib/python3.12/site-packages (from requests-oauthlib>=1.3.1->-r /workspace/release-intelligence/requirements.txt (line 2)) (3.3.1)
Requirement already satisfied: orderly-set<6,>=5.4.1 in /root/.pyenv/versions/3.12.10/lib/python3.12/site-packages (from deepdiff>=6.7.1->-r /workspace/release-intelligence/requirements.txt (line 3)) (5.5.0)
Requirement already satisfied: MarkupSafe>=2.0 in /root/.pyenv/versions/3.12.10/lib/python3.12/site-packages (from Jinja2>=3.1.2->-r /workspace/release-intelligence/requirements.txt (line 5)) (3.0.3)
Requirement already satisfied: coverage>=7.10.6 in /root/.pyenv/versions/3.12.10/lib/python3.12/site-packages (from coverage[toml]>=7.10.6->pytest-cov>=4.1.0->-r /workspace/release-intelligence/requirements.txt (line 8)) (7.11.0)
Requirement already satisfied: distlib<1,>=0.3.7 in /root/.pyenv/versions/3.12.10/lib/python3.12/site-packages (from virtualenv>=20.10.0->pre-commit) (0.4.0)
Requirement already satisfied: filelock<4,>=3.12.2 in /root/.pyenv/versions/3.12.10/lib/python3.12/site-packages (from virtualenv>=20.10.0->pre-commit) (3.20.0)
Requirement already satisfied: markdown-it-py>=2.2.0 in /root/.pyenv/versions/3.12.10/lib/python3.12/site-packages (from rich->bandit) (4.0.0)
Requirement already satisfied: mdurl~=0.1 in /root/.pyenv/versions/3.12.10/lib/python3.12/site-packages (from markdown-it-py>=2.2.0->rich->bandit) (0.1.2)
WARNING: Running pip as the 'root' user can result in broken permissions and conflicting behaviour with the system package manager, possibly rendering your system unusable. It is recommended to use a virtual environment instead: https://pip.pypa.io/warnings/venv. Use the --root-user-action option if you know what you are doing and want to suppress this warning.
[WARNING] hook id `pytest` uses deprecated stage names (commit) which will be removed in a future version.  run: `pre-commit migrate-config` to automatically fix this.
pre-commit installed at .git/hooks/pre-commit
[setup] Pre-commit hooks installed.
[setup] Log captured at reports/slice_09/logs/precommit_setup_20251106T220305Z.log
